2026-07-23 10:05:33+0200: Running with following config:
logAllRequests = false
logAllResponses = false
logDir = analysis_logs
logSearchInfo = false
maxVisits = 5000
nnCacheSizePowerOfTwo = 21
nnMaxBatchSize = 32
nnMutexPoolSizePowerOfTwo = 17
numAnalysisThreads = 8
numSearchThreads = 16
reportAnalysisWinratesAs = BLACK

2026-07-23 10:05:33+0200: Analysis Engine starting...
2026-07-23 10:05:33+0200: KataGo v1.16.5
2026-07-23 10:05:33+0200: nnRandSeed0 = 16481908856827599234
2026-07-23 10:05:33+0200: After dedups: nnModelFile0 = /home/robert/katago/kata-b18.bin.gz useFP16 auto useNHWC auto
2026-07-23 10:05:33+0200: Initializing neural net buffer to be size 19 * 19 allowing smaller boards
2026-07-23 10:05:34+0200: Found OpenCL Platform 0: NVIDIA CUDA (NVIDIA Corporation) (OpenCL 3.0 CUDA 13.2.87)
2026-07-23 10:05:34+0200: Found 1 device(s) on platform 0 with type CPU or GPU or Accelerator
2026-07-23 10:05:34+0200: Found OpenCL Device 0: NVIDIA GeForce RTX 5060 Laptop GPU (NVIDIA Corporation) (score 11000300)
2026-07-23 10:05:34+0200: Creating context for OpenCL Platform: NVIDIA CUDA (NVIDIA Corporation) (OpenCL 3.0 CUDA 13.2.87)
2026-07-23 10:05:34+0200: Using OpenCL Device 0: NVIDIA GeForce RTX 5060 Laptop GPU (NVIDIA Corporation) OpenCL 3.0 CUDA (Extensions: cl_khr_global_int32_base_atomics cl_khr_global_int32_extended_atomics cl_khr_local_int32_base_atomics cl_khr_local_int32_extended_atomics cl_khr_fp64 cl_khr_3d_image_writes cl_khr_byte_addressable_store cl_khr_icd cl_khr_gl_sharing cl_nv_compiler_options cl_nv_device_attribute_query cl_nv_pragma_unroll cl_nv_copy_opts cl_nv_create_buffer cl_khr_int64_base_atomics cl_khr_int64_extended_atomics cl_khr_device_uuid cl_khr_pci_bus_info cl_khr_external_semaphore cl_khr_external_memory cl_khr_external_semaphore_opaque_fd cl_khr_external_memory_opaque_fd cl_khr_semaphore)
2026-07-23 10:05:34+0200: Loaded tuning parameters from: /home/robert/.katago/opencltuning/tune11_gpuNVIDIAGeForceRTX5060LaptopGPU_x19_y19_c384_mv14.txt
2026-07-23 10:05:34+0200: OpenCL backend thread 0: Model version 14
2026-07-23 10:05:34+0200: OpenCL backend thread 0: Model name: kata1-b18c384nbt-s9996604416-d4316597426
2026-07-23 10:05:35+0200: OpenCL backend thread 0: FP16Storage true FP16Compute false FP16TensorCores true FP16TensorCoresFor1x1 false
2026-07-23 10:05:35+0200: Note: nnMaxBatchSize * number of GPUs (32) is smaller than numSearchThreads * numAnalysisThreads (128)
2026-07-23 10:05:35+0200: The number of simultaneous threads that might query the GPU could be larger than the batch size that the GPU will handle at once.
2026-07-23 10:05:35+0200: It may improve performance to increase nnMaxBatchSize, unless you are constrained on GPU memory.
2026-07-23 10:05:35+0200: Loaded config analysis.cfg and/or command-line and query overrides
2026-07-23 10:05:35+0200: Loaded model /home/robert/katago/kata-b18.bin.gz
2026-07-23 10:05:35+0200: Config override: numAnalysisThreads = 8
2026-07-23 10:05:35+0200: Analyzing up to 8 positions at a time in parallel
2026-07-23 10:05:35+0200: Started, ready to begin handling requests
2026-07-23 10:10:40+0200: Error: {"error":"Illegal move 0: H6","field":"moves","id":"q1163"}
2026-07-23 10:13:40+0200: Error: {"error":"Illegal move 0: H6","field":"moves","id":"q1897"}
2026-07-23 10:13:41+0200: Error: {"error":"Illegal move 2: H6","field":"moves","id":"q1941"}
2026-07-23 10:13:44+0200: Error: {"error":"Illegal move 4: H6","field":"moves","id":"q1983"}
2026-07-23 10:13:44+0200: Error: {"error":"Illegal move 4: J5","field":"moves","id":"q1985"}
2026-07-23 10:13:47+0200: Error: {"error":"Illegal move 4: H6","field":"moves","id":"q2020"}
2026-07-23 10:13:47+0200: Error: {"error":"Illegal move 4: J5","field":"moves","id":"q2022"}
2026-07-23 10:13:52+0200: Error: {"error":"Illegal move 4: H6","field":"moves","id":"q2059"}
2026-07-23 10:13:55+0200: Error: {"error":"Illegal move 2: H6","field":"moves","id":"q2095"}
2026-07-23 10:13:59+0200: Error: {"error":"Illegal move 4: H6","field":"moves","id":"q2137"}
2026-07-23 10:14:05+0200: Error: {"error":"Illegal move 4: H6","field":"moves","id":"q2183"}
2026-07-23 10:14:10+0200: Error: {"error":"Illegal move 4: H6","field":"moves","id":"q2221"}
2026-07-23 10:14:14+0200: Error: {"error":"Illegal move 2: H6","field":"moves","id":"q2261"}
2026-07-23 10:14:14+0200: Error: {"error":"Illegal move 2: J5","field":"moves","id":"q2263"}
2026-07-23 10:14:17+0200: Error: {"error":"Illegal move 4: H6","field":"moves","id":"q2300"}
2026-07-23 10:14:17+0200: Error: {"error":"Illegal move 4: J5","field":"moves","id":"q2302"}
2026-07-23 10:14:18+0200: Error: {"error":"Illegal move 4: H6","field":"moves","id":"q2339"}
2026-07-23 10:14:18+0200: Error: {"error":"Illegal move 4: J5","field":"moves","id":"q2341"}
2026-07-23 10:14:24+0200: Error: {"error":"Illegal move 4: H6","field":"moves","id":"q2380"}
2026-07-23 10:14:24+0200: Error: {"error":"Illegal move 4: J5","field":"moves","id":"q2382"}
